[inclusive-timing-045076.framer.app/index.html]
[backblue.gif]
[fade.gif]
[index.html]
[framerusercontent.com/images/oRNeZ62u4diiv8IN9FgvilQqA.png]
[framerusercontent.com/assets/cqZGd4iV5hPYtPIQ1nVvhicK6U.png]
[framerusercontent.com/assets/eYrDCJNG6Glol08JxH0TGApyals.png]
[framerusercontent.com/images/vzbQiZpkeC2WegjSYPov2mzDMoY.png]
[framerusercontent.com/images/Ayp8ePo5P7dhLLSWWDeYYuTBjI.jpg]
[framerusercontent.com/assets/VuC3gKm4piXqmExpMiyco8vXyL0.png]
[framerusercontent.com/images/DP7kaPusTcuV98jb46vl1mhh8Q39be.jpg]
[framerusercontent.com/images/53awygBgF1362661yW0qx08zTRM.jpg]
[framerusercontent.com/images/UBHo2KRVHbPgaIY8M4g2lvGZcnY.png]
[framerusercontent.com/images/6Tfgz6TgJJoEBF38x8ZhfS3Ea0.png]
[framerusercontent.com/images/xVplHgU9CiRKhAc5RnkusG5wio.png]
[framerusercontent.com/images/364kF67cz8XCK5pOekYfShv4039be.jpg]
[framerusercontent.com/images/SiYPwoNxympjqTaGQTEn86ms39be.jpg]
[framerusercontent.com/images/gsvGRm49RvzXgZXa2LxHiL9p6I39be.jpg]
[framerusercontent.com/images/jAHpDMyWYHkGiz48fHaZf644u9839be.jpg]
[framerusercontent.com/images/kSvVq2qv3kii0KelF58Yqm1AHYc39be.jpg]
[framerusercontent.com/images/mJtatwMr0IQmQlouT8AFBK8YE39be.jpg]
[framerusercontent.com/images/UdHJlQVN6l5TaMTP46t3QrEA678.png]
[framerusercontent.com/images/x8nERBbFJFmNdpsKC4XuRn89NE.png]
[framerusercontent.com/images/tozsY6K5TEtbY4Q7A1YnrPtuI.png]
[inclusive-timing-045076.framer.app/index.html]
